[Wed Jul 12 11:42:30.817748 2023] [php:error] [pid 31480] [client 127.0.0.1:59916] PHP Fatal error:  Uncaught TypeError: strpos(): Argument #1 ($haystack) must be of type string, array given in /Users/ramiro/www/web/srcphp/Router.php:44\nStack trace:\n#0 /Users/ramiro/www/web/srcphp/Router.php(44): strpos(Array, '.php')\n#1 /Users/ramiro/www/web/srcphp/Router.php(9): proyecto\\Router::route('/crearpersona', Array)\n#2 /Users/ramiro/www/web/public/index.php(9): proyecto\\Router::get('/crearpersona', Array)\n#3 {main}\n  thrown in /Users/ramiro/www/web/srcphp/Router.php on line 44, referer: http://web.local/info.php
[Wed Jul 12 11:42:44.086521 2023] [php:error] [pid 31479] [client 127.0.0.1:59924] PHP Fatal error:  Uncaught TypeError: strpos(): Argument #1 ($haystack) must be of type string, array given in /Users/ramiro/www/web/srcphp/Router.php:44\nStack trace:\n#0 /Users/ramiro/www/web/srcphp/Router.php(44): strpos(Array, '.php')\n#1 /Users/ramiro/www/web/srcphp/Router.php(9): proyecto\\Router::route('/crearpersona', Array)\n#2 /Users/ramiro/www/web/public/index.php(9): proyecto\\Router::get('/crearpersona', Array)\n#3 {main}\n  thrown in /Users/ramiro/www/web/srcphp/Router.php on line 44
[Wed Jul 12 11:42:44.359132 2023] [php:error] [pid 31479] [client 127.0.0.1:59924] PHP Fatal error:  Uncaught TypeError: strpos(): Argument #1 ($haystack) must be of type string, array given in /Users/ramiro/www/web/srcphp/Router.php:44\nStack trace:\n#0 /Users/ramiro/www/web/srcphp/Router.php(44): strpos(Array, '.php')\n#1 /Users/ramiro/www/web/srcphp/Router.php(9): proyecto\\Router::route('/crearpersona', Array)\n#2 /Users/ramiro/www/web/public/index.php(9): proyecto\\Router::get('/crearpersona', Array)\n#3 {main}\n  thrown in /Users/ramiro/www/web/srcphp/Router.php on line 44, referer: http://web.local/crearpersona
[Wed Jul 12 11:43:39.080545 2023] [php:error] [pid 31481] [client 127.0.0.1:59954] PHP Fatal error:  Uncaught TypeError: strpos(): Argument #1 ($haystack) must be of type string, array given in /Users/ramiro/www/web/srcphp/Router.php:44\nStack trace:\n#0 /Users/ramiro/www/web/srcphp/Router.php(44): strpos(Array, '.php')\n#1 /Users/ramiro/www/web/srcphp/Router.php(9): proyecto\\Router::route('/crearpersona', Array)\n#2 /Users/ramiro/www/web/public/index.php(9): proyecto\\Router::get('/crearpersona', Array)\n#3 {main}\n  thrown in /Users/ramiro/www/web/srcphp/Router.php on line 44
[Wed Jul 12 11:43:39.233106 2023] [php:error] [pid 31481] [client 127.0.0.1:59954] PHP Fatal error:  Uncaught TypeError: strpos(): Argument #1 ($haystack) must be of type string, array given in /Users/ramiro/www/web/srcphp/Router.php:44\nStack trace:\n#0 /Users/ramiro/www/web/srcphp/Router.php(44): strpos(Array, '.php')\n#1 /Users/ramiro/www/web/srcphp/Router.php(9): proyecto\\Router::route('/crearpersona', Array)\n#2 /Users/ramiro/www/web/public/index.php(9): proyecto\\Router::get('/crearpersona', Array)\n#3 {main}\n  thrown in /Users/ramiro/www/web/srcphp/Router.php on line 44, referer: http://web.local/crearpersona
[Wed Jul 12 11:50:05.672387 2023] [php:warn] [pid 31480] [client 127.0.0.1:60089] PHP Warning:  Array to string conversion in /Users/ramiro/www/web/srcphp/Router.php on line 43
[Wed Jul 12 11:50:05.808181 2023] [php:warn] [pid 31480] [client 127.0.0.1:60089] PHP Warning:  Array to string conversion in /Users/ramiro/www/web/srcphp/Router.php on line 43, referer: http://web.local/crearpersona
[Wed Jul 12 11:50:05.809027 2023] [php:error] [pid 31480] [client 127.0.0.1:60089] PHP Fatal error:  Uncaught Error: Object of class Closure could not be converted to string in /Users/ramiro/www/web/srcphp/Router.php:43\nStack trace:\n#0 /Users/ramiro/www/web/srcphp/Router.php(9): proyecto\\Router::route('/hola2/$id', Object(Closure))\n#1 /Users/ramiro/www/web/public/index.php(14): proyecto\\Router::get('/hola2/$id', Object(Closure))\n#2 {main}\n  thrown in /Users/ramiro/www/web/srcphp/Router.php on line 43, referer: http://web.local/crearpersona
[Wed Jul 12 11:51:03.239585 2023] [php:error] [pid 31481] [client 127.0.0.1:60120] PHP Fatal error:  Uncaught Error: Object of class proyecto\\Controller\\crearPersonaController could not be converted to string in /Users/ramiro/www/web/srcphp/Router.php:85\nStack trace:\n#0 /Users/ramiro/www/web/srcphp/Router.php(9): proyecto\\Router::route('/crearpersona', Array)\n#1 /Users/ramiro/www/web/public/index.php(9): proyecto\\Router::get('/crearpersona', Array)\n#2 {main}\n  thrown in /Users/ramiro/www/web/srcphp/Router.php on line 85
[Wed Jul 12 11:52:04.993104 2023] [php:error] [pid 31483] [client 127.0.0.1:60147] PHP Fatal error:  Uncaught PDOException: SQLSTATE[HY000]: General error: 1364 Field 'user' doesn't have a default value in /Users/ramiro/www/web/srcphp/Models/Models.php:50\nStack trace:\n#0 /Users/ramiro/www/web/srcphp/Models/Models.php(50): PDOStatement->execute()\n#1 /Users/ramiro/www/web/srcphp/Models/Models.php(60): proyecto\\Models\\Models->create(Array)\n#2 /Users/ramiro/www/web/srcphp/Controller/crearPersonaController.php(19): proyecto\\Models\\Models->save()\n#3 [internal function]: proyecto\\Controller\\crearPersonaController->crearPersona()\n#4 /Users/ramiro/www/web/srcphp/Router.php(85): call_user_func_array(Array, Array)\n#5 /Users/ramiro/www/web/srcphp/Router.php(9): proyecto\\Router::route('/crearpersona', Array)\n#6 /Users/ramiro/www/web/public/index.php(9): proyecto\\Router::get('/crearpersona', Array)\n#7 {main}\n  thrown in /Users/ramiro/www/web/srcphp/Models/Models.php on line 50
[Wed Jul 12 12:14:41.149125 2023] [php:error] [pid 31482] [client 127.0.0.1:60709] PHP Fatal error:  Uncaught Error: Undefined constant "proyecto\\Response\\TOKEN" in /Users/ramiro/www/web/srcphp/Response/Response.php:49\nStack trace:\n#0 /Users/ramiro/www/web/srcphp/Controller/crearPersonaController.php(23): proyecto\\Response\\Response->Send()\n#1 [internal function]: proyecto\\Controller\\crearPersonaController->crearPersona()\n#2 /Users/ramiro/www/web/srcphp/Router.php(85): call_user_func_array(Array, Array)\n#3 /Users/ramiro/www/web/srcphp/Router.php(9): proyecto\\Router::route('/crearpersona', Array)\n#4 /Users/ramiro/www/web/public/index.php(9): proyecto\\Router::get('/crearpersona', Array)\n#5 {main}\n  thrown in /Users/ramiro/www/web/srcphp/Response/Response.php on line 49
[Wed Jul 12 12:20:42.360555 2023] [php:error] [pid 31485] [client 127.0.0.1:61237] PHP Fatal error:  Uncaught Error: Undefined constant "proyecto\\Response\\SERVER_NAME" in /Users/ramiro/www/web/srcphp/Response/Response.php:51\nStack trace:\n#0 /Users/ramiro/www/web/srcphp/Controller/crearPersonaController.php(23): proyecto\\Response\\Response->Send()\n#1 [internal function]: proyecto\\Controller\\crearPersonaController->crearPersona()\n#2 /Users/ramiro/www/web/srcphp/Router.php(85): call_user_func_array(Array, Array)\n#3 /Users/ramiro/www/web/srcphp/Router.php(9): proyecto\\Router::route('/crearpersona', Array)\n#4 /Users/ramiro/www/web/public/index.php(9): proyecto\\Router::get('/crearpersona', Array)\n#5 {main}\n  thrown in /Users/ramiro/www/web/srcphp/Response/Response.php on line 51
[Wed Jul 12 12:20:51.559518 2023] [php:error] [pid 31483] [client 127.0.0.1:61279] PHP Fatal error:  Uncaught Error: Undefined constant "proyecto\\Response\\SERVICE_VERSION" in /Users/ramiro/www/web/srcphp/Response/Response.php:52\nStack trace:\n#0 /Users/ramiro/www/web/srcphp/Controller/crearPersonaController.php(23): proyecto\\Response\\Response->Send()\n#1 [internal function]: proyecto\\Controller\\crearPersonaController->crearPersona()\n#2 /Users/ramiro/www/web/srcphp/Router.php(85): call_user_func_array(Array, Array)\n#3 /Users/ramiro/www/web/srcphp/Router.php(9): proyecto\\Router::route('/crearpersona', Array)\n#4 /Users/ramiro/www/web/public/index.php(9): proyecto\\Router::get('/crearpersona', Array)\n#5 {main}\n  thrown in /Users/ramiro/www/web/srcphp/Response/Response.php on line 52
[Wed Jul 12 12:35:05.299445 2023] [php:error] [pid 31483] [client 127.0.0.1:64383] PHP Parse error:  syntax error, unexpected variable "$response", expecting ")" in /Users/ramiro/www/web/public/index.php on line 15
[Wed Jul 12 12:35:05.432280 2023] [php:error] [pid 31483] [client 127.0.0.1:64383] PHP Parse error:  syntax error, unexpected variable "$response", expecting ")" in /Users/ramiro/www/web/public/index.php on line 15, referer: http://web.local/
[Wed Jul 12 12:37:31.756946 2023] [php:error] [pid 31483] [client 127.0.0.1:64452] PHP Fatal error:  Uncaught ArgumentCountError: Too few arguments to function proyecto\\Response\\Failure::__construct(), 1 passed in /Users/ramiro/www/web/public/index.php on line 18 and exactly 2 expected in /Users/ramiro/www/web/srcphp/Response/Failure.php:8\nStack trace:\n#0 /Users/ramiro/www/web/public/index.php(18): proyecto\\Response\\Failure->__construct(Array)\n#1 [internal function]: proyecto\\{closure}()\n#2 /Users/ramiro/www/web/srcphp/Router.php(62): call_user_func_array(Object(Closure), Array)\n#3 /Users/ramiro/www/web/srcphp/Router.php(9): proyecto\\Router::route('/', Object(Closure))\n#4 /Users/ramiro/www/web/public/index.php(20): proyecto\\Router::get('/', Object(Closure))\n#5 {main}\n  thrown in /Users/ramiro/www/web/srcphp/Response/Failure.php on line 8
[Wed Jul 12 12:41:32.999068 2023] [php:warn] [pid 31479] [client 127.0.0.1:64549] PHP Warning:  Array to string conversion in /Users/ramiro/www/web/srcphp/Router.php on line 65
[Wed Jul 12 12:41:33.004962 2023] [php:warn] [pid 31479] [client 127.0.0.1:64549] PHP Warning:  include_once(/Users/ramiro/www/web/srcphp/Array): Failed to open stream: No such file or directory in /Users/ramiro/www/web/srcphp/Router.php on line 65
[Wed Jul 12 12:41:33.005217 2023] [php:warn] [pid 31479] [client 127.0.0.1:64549] PHP Warning:  include_once(): Failed opening '/Users/ramiro/www/web/srcphp/Array' for inclusion (include_path='.:/usr/local/Cellar/php@8.0/8.0.27_1/share/php@8.0/pear') in /Users/ramiro/www/web/srcphp/Router.php on line 65
[Wed Jul 12 12:46:04.823672 2023] [php:error] [pid 31482] [client 127.0.0.1:64654] PHP Fatal error:  Uncaught Error: Class "proyecto\\Success" not found in /Users/ramiro/www/web/public/index.php:16\nStack trace:\n#0 [internal function]: proyecto\\{closure}('1')\n#1 /Users/ramiro/www/web/srcphp/Router.php(91): call_user_func_array(Object(Closure), Array)\n#2 /Users/ramiro/www/web/srcphp/Router.php(9): proyecto\\Router::route('/usuario/buscar...', Object(Closure))\n#3 /Users/ramiro/www/web/public/index.php(23): proyecto\\Router::get('/usuario/buscar...', Object(Closure))\n#4 {main}\n  thrown in /Users/ramiro/www/web/public/index.php on line 16
[Wed Jul 12 12:51:54.806658 2023] [php:error] [pid 31479] [client 127.0.0.1:64790] PHP Fatal error:  Uncaught Error: Non-static method proyecto\\Models\\Models::find() cannot be called statically in /Users/ramiro/www/web/public/index.php:15\nStack trace:\n#0 [internal function]: proyecto\\{closure}('81')\n#1 /Users/ramiro/www/web/srcphp/Router.php(91): call_user_func_array(Object(Closure), Array)\n#2 /Users/ramiro/www/web/srcphp/Router.php(9): proyecto\\Router::route('/usuario/buscar...', Object(Closure))\n#3 /Users/ramiro/www/web/public/index.php(23): proyecto\\Router::get('/usuario/buscar...', Object(Closure))\n#4 {main}\n  thrown in /Users/ramiro/www/web/public/index.php on line 15
[Wed Jul 12 12:55:17.331143 2023] [php:error] [pid 31485] [client 127.0.0.1:64957] PHP Fatal error:  Cannot redeclare static proyecto\\Models\\Models::$table as non static proyecto\\Models\\User::$table in /Users/ramiro/www/web/srcphp/Models/User.php on line 10
[Wed Jul 12 12:56:11.098623 2023] [php:error] [pid 32771] [client 127.0.0.1:64978] PHP Fatal error:  Uncaught Error: Call to a member function prepare() on null in /Users/ramiro/www/web/srcphp/Models/Models.php:94\nStack trace:\n#0 /Users/ramiro/www/web/public/index.php(15): proyecto\\Models\\Models::find('81')\n#1 [internal function]: proyecto\\{closure}('81')\n#2 /Users/ramiro/www/web/srcphp/Router.php(91): call_user_func_array(Object(Closure), Array)\n#3 /Users/ramiro/www/web/srcphp/Router.php(9): proyecto\\Router::route('/usuario/buscar...', Object(Closure))\n#4 /Users/ramiro/www/web/public/index.php(23): proyecto\\Router::get('/usuario/buscar...', Object(Closure))\n#5 {main}\n  thrown in /Users/ramiro/www/web/srcphp/Models/Models.php on line 94
[Wed Jul 12 12:56:50.456704 2023] [php:error] [pid 31482] [client 127.0.0.1:64989] PHP Fatal error:  Uncaught Error: Non-static method proyecto\\Models\\Models::find() cannot be called statically in /Users/ramiro/www/web/public/index.php:15\nStack trace:\n#0 [internal function]: proyecto\\{closure}('81')\n#1 /Users/ramiro/www/web/srcphp/Router.php(91): call_user_func_array(Object(Closure), Array)\n#2 /Users/ramiro/www/web/srcphp/Router.php(9): proyecto\\Router::route('/usuario/buscar...', Object(Closure))\n#3 /Users/ramiro/www/web/public/index.php(23): proyecto\\Router::get('/usuario/buscar...', Object(Closure))\n#4 {main}\n  thrown in /Users/ramiro/www/web/public/index.php on line 15
[Wed Jul 12 12:58:41.345725 2023] [php:error] [pid 31480] [client 127.0.0.1:65037] PHP Fatal error:  Uncaught Error: Call to undefined function proyecto\\is_empty() in /Users/ramiro/www/web/public/index.php:17\nStack trace:\n#0 [internal function]: proyecto\\{closure}('81')\n#1 /Users/ramiro/www/web/srcphp/Router.php(91): call_user_func_array(Object(Closure), Array)\n#2 /Users/ramiro/www/web/srcphp/Router.php(9): proyecto\\Router::route('/usuario/buscar...', Object(Closure))\n#3 /Users/ramiro/www/web/public/index.php(24): proyecto\\Router::get('/usuario/buscar...', Object(Closure))\n#4 {main}\n  thrown in /Users/ramiro/www/web/public/index.php on line 17
[Wed Jul 12 13:00:28.426024 2023] [php:error] [pid 32771] [client 127.0.0.1:65335] PHP Fatal error:  Uncaught TypeError: count(): Argument #1 ($value) must be of type Countable|array, string given in /Users/ramiro/www/web/public/index.php:17\nStack trace:\n#0 /Users/ramiro/www/web/public/index.php(17): count('[]')\n#1 [internal function]: proyecto\\{closure}('81')\n#2 /Users/ramiro/www/web/srcphp/Router.php(91): call_user_func_array(Object(Closure), Array)\n#3 /Users/ramiro/www/web/srcphp/Router.php(9): proyecto\\Router::route('/usuario/buscar...', Object(Closure))\n#4 /Users/ramiro/www/web/public/index.php(24): proyecto\\Router::get('/usuario/buscar...', Object(Closure))\n#5 {main}\n  thrown in /Users/ramiro/www/web/public/index.php on line 17
[Wed Jul 12 15:35:44.597890 2023] [php:error] [pid 31485] [client 127.0.0.1:52046] PHP Parse error:  syntax error, unexpected token "->" in /Users/ramiro/www/web/public/index.php on line 23
[Wed Jul 12 15:35:45.425382 2023] [php:error] [pid 31485] [client 127.0.0.1:52046] PHP Parse error:  syntax error, unexpected token "->" in /Users/ramiro/www/web/public/index.php on line 23, referer: http://web.local/usuario/guardar
[Wed Jul 12 15:36:05.110090 2023] [php:error] [pid 31483] [client 127.0.0.1:52055] PHP Fatal error:  Uncaught TypeError: proyecto\\Conexion::getPDO(): Return value must be of type PDO, none returned in /Users/ramiro/www/web/srcphp/Conexion.php:110\nStack trace:\n#0 /Users/ramiro/www/web/srcphp/Models/Models.php(24): proyecto\\Conexion->getPDO()\n#1 /Users/ramiro/www/web/public/index.php(16): proyecto\\Models\\Models->__construct()\n#2 [internal function]: proyecto\\{closure}()\n#3 /Users/ramiro/www/web/srcphp/Router.php(91): call_user_func_array(Object(Closure), Array)\n#4 /Users/ramiro/www/web/srcphp/Router.php(9): proyecto\\Router::route('/usuario/guarda...', Object(Closure))\n#5 /Users/ramiro/www/web/public/index.php(27): proyecto\\Router::get('/usuario/guarda...', Object(Closure))\n#6 {main}\n  thrown in /Users/ramiro/www/web/srcphp/Conexion.php on line 110
[Wed Jul 12 20:14:01.981503 2023] [php:error] [pid 31480] [client 127.0.0.1:54189] PHP Fatal error:  Uncaught TypeError: proyecto\\Conexion::getPDO(): Return value must be of type PDO, none returned in /Users/ramiro/www/web/srcphp/Conexion.php:111\nStack trace:\n#0 /Users/ramiro/www/web/srcphp/Models/Models.php(24): proyecto\\Conexion->getPDO()\n#1 /Users/ramiro/www/web/public/index.php(16): proyecto\\Models\\Models->__construct()\n#2 [internal function]: proyecto\\{closure}()\n#3 /Users/ramiro/www/web/srcphp/Router.php(91): call_user_func_array(Object(Closure), Array)\n#4 /Users/ramiro/www/web/srcphp/Router.php(9): proyecto\\Router::route('/usuario/guarda...', Object(Closure))\n#5 /Users/ramiro/www/web/public/index.php(27): proyecto\\Router::get('/usuario/guarda...', Object(Closure))\n#6 {main}\n  thrown in /Users/ramiro/www/web/srcphp/Conexion.php on line 111
[Wed Jul 12 20:15:56.972384 2023] [php:error] [pid 32771] [client 127.0.0.1:56854] PHP Fatal error:  Uncaught TypeError: proyecto\\Conexion::getPDO(): Return value must be of type PDO, none returned in /Users/ramiro/www/web/srcphp/Conexion.php:111\nStack trace:\n#0 /Users/ramiro/www/web/srcphp/Models/Models.php(24): proyecto\\Conexion->getPDO()\n#1 /Users/ramiro/www/web/public/index.php(16): proyecto\\Models\\Models->__construct()\n#2 [internal function]: proyecto\\{closure}()\n#3 /Users/ramiro/www/web/srcphp/Router.php(91): call_user_func_array(Object(Closure), Array)\n#4 /Users/ramiro/www/web/srcphp/Router.php(9): proyecto\\Router::route('/usuario/guarda...', Object(Closure))\n#5 /Users/ramiro/www/web/public/index.php(27): proyecto\\Router::get('/usuario/guarda...', Object(Closure))\n#6 {main}\n  thrown in /Users/ramiro/www/web/srcphp/Conexion.php on line 111
[Wed Jul 12 20:16:21.800622 2023] [php:error] [pid 31479] [client 127.0.0.1:57189] PHP Fatal error:  Uncaught Error: Call to a member function prepare() on null in /Users/ramiro/www/web/srcphp/Models/Models.php:43\nStack trace:\n#0 /Users/ramiro/www/web/srcphp/Models/Models.php(60): proyecto\\Models\\Models->create(Array)\n#1 /Users/ramiro/www/web/public/index.php(22): proyecto\\Models\\Models->save()\n#2 [internal function]: proyecto\\{closure}()\n#3 /Users/ramiro/www/web/srcphp/Router.php(91): call_user_func_array(Object(Closure), Array)\n#4 /Users/ramiro/www/web/srcphp/Router.php(9): proyecto\\Router::route('/usuario/guarda...', Object(Closure))\n#5 /Users/ramiro/www/web/public/index.php(27): proyecto\\Router::get('/usuario/guarda...', Object(Closure))\n#6 {main}\n  thrown in /Users/ramiro/www/web/srcphp/Models/Models.php on line 43
[Wed Jul 12 20:38:57.170594 2023] [php:error] [pid 31481] [client 127.0.0.1:64891] PHP Parse error:  syntax error, unexpected token "class", expecting variable or "$" in /Users/ramiro/www/web/srcphp/Models/Models.php on line 91
[Wed Jul 12 20:42:59.394417 2023] [php:warn] [pid 31483] [client 127.0.0.1:54653] PHP Warning:  Undefined variable $proyecto\\Models\\Models in /Users/ramiro/www/web/srcphp/Models/Models.php on line 92
[Wed Jul 12 20:42:59.398004 2023] [php:error] [pid 31483] [client 127.0.0.1:54653] PHP Fatal error:  Uncaught Error: Class name must be a valid object or a string in /Users/ramiro/www/web/srcphp/Models/Models.php:92\nStack trace:\n#0 /Users/ramiro/www/web/public/index.php(16): proyecto\\Models\\Models::find(1)\n#1 [internal function]: proyecto\\{closure}()\n#2 /Users/ramiro/www/web/srcphp/Router.php(91): call_user_func_array(Object(Closure), Array)\n#3 /Users/ramiro/www/web/srcphp/Router.php(9): proyecto\\Router::route('/usuario/guarda...', Object(Closure))\n#4 /Users/ramiro/www/web/public/index.php(21): proyecto\\Router::get('/usuario/guarda...', Object(Closure))\n#5 {main}\n  thrown in /Users/ramiro/www/web/srcphp/Models/Models.php on line 92
[Wed Jul 12 20:43:18.636712 2023] [php:error] [pid 31480] [client 127.0.0.1:55321] PHP Fatal error:  Uncaught PDOException: SQLSTATE[42000]: Syntax error or access violation: 1064 You have an error in your SQL syntax; check the manual that corresponds to your MariaDB server version for the right syntax to use near 'where  id='1'' at line 1 in /Users/ramiro/www/web/srcphp/Models/Models.php:97\nStack trace:\n#0 /Users/ramiro/www/web/srcphp/Models/Models.php(97): PDOStatement->execute()\n#1 /Users/ramiro/www/web/public/index.php(16): proyecto\\Models\\Models::find('1')\n#2 [internal function]: proyecto\\{closure}()\n#3 /Users/ramiro/www/web/srcphp/Router.php(91): call_user_func_array(Object(Closure), Array)\n#4 /Users/ramiro/www/web/srcphp/Router.php(9): proyecto\\Router::route('/usuario/guarda...', Object(Closure))\n#5 /Users/ramiro/www/web/public/index.php(21): proyecto\\Router::get('/usuario/guarda...', Object(Closure))\n#6 {main}\n  thrown in /Users/ramiro/www/web/srcphp/Models/Models.php on line 97
[Wed Jul 12 20:43:51.648900 2023] [php:error] [pid 32771] [client 127.0.0.1:56022] PHP Fatal error:  Uncaught PDOException: SQLSTATE[42000]: Syntax error or access violation: 1064 You have an error in your SQL syntax; check the manual that corresponds to your MariaDB server version for the right syntax to use near 'where  id='1'' at line 1 in /Users/ramiro/www/web/srcphp/Models/Models.php:98\nStack trace:\n#0 /Users/ramiro/www/web/srcphp/Models/Models.php(98): PDOStatement->execute()\n#1 /Users/ramiro/www/web/public/index.php(16): proyecto\\Models\\Models::find('1')\n#2 [internal function]: proyecto\\{closure}()\n#3 /Users/ramiro/www/web/srcphp/Router.php(91): call_user_func_array(Object(Closure), Array)\n#4 /Users/ramiro/www/web/srcphp/Router.php(9): proyecto\\Router::route('/usuario/guarda...', Object(Closure))\n#5 /Users/ramiro/www/web/public/index.php(21): proyecto\\Router::get('/usuario/guarda...', Object(Closure))\n#6 {main}\n  thrown in /Users/ramiro/www/web/srcphp/Models/Models.php on line 98
[Wed Jul 12 20:44:37.706523 2023] [php:error] [pid 31482] [client 127.0.0.1:56928] PHP Fatal error:  Uncaught PDOException: SQLSTATE[42000]: Syntax error or access violation: 1064 You have an error in your SQL syntax; check the manual that corresponds to your MariaDB server version for the right syntax to use near 'where  id='1'' at line 1 in /Users/ramiro/www/web/srcphp/Models/Models.php:98\nStack trace:\n#0 /Users/ramiro/www/web/srcphp/Models/Models.php(98): PDOStatement->execute()\n#1 /Users/ramiro/www/web/public/index.php(16): proyecto\\Models\\Models::find('1')\n#2 [internal function]: proyecto\\{closure}()\n#3 /Users/ramiro/www/web/srcphp/Router.php(91): call_user_func_array(Object(Closure), Array)\n#4 /Users/ramiro/www/web/srcphp/Router.php(9): proyecto\\Router::route('/usuario/guarda...', Object(Closure))\n#5 /Users/ramiro/www/web/public/index.php(21): proyecto\\Router::get('/usuario/guarda...', Object(Closure))\n#6 {main}\n  thrown in /Users/ramiro/www/web/srcphp/Models/Models.php on line 98
[Wed Jul 12 20:47:12.839884 2023] [php:error] [pid 31479] [client 127.0.0.1:61251] PHP Fatal error:  Uncaught PDOException: SQLSTATE[42000]: Syntax error or access violation: 1064 You have an error in your SQL syntax; check the manual that corresponds to your MariaDB server version for the right syntax to use near 'where  id='1'' at line 1 in /Users/ramiro/www/web/srcphp/Models/Models.php:98\nStack trace:\n#0 /Users/ramiro/www/web/srcphp/Models/Models.php(98): PDOStatement->execute()\n#1 /Users/ramiro/www/web/public/index.php(16): proyecto\\Models\\Models::find('1')\n#2 [internal function]: proyecto\\{closure}()\n#3 /Users/ramiro/www/web/srcphp/Router.php(91): call_user_func_array(Object(Closure), Array)\n#4 /Users/ramiro/www/web/srcphp/Router.php(9): proyecto\\Router::route('/usuario/guarda...', Object(Closure))\n#5 /Users/ramiro/www/web/public/index.php(21): proyecto\\Router::get('/usuario/guarda...', Object(Closure))\n#6 {main}\n  thrown in /Users/ramiro/www/web/srcphp/Models/Models.php on line 98
[Wed Jul 12 20:47:15.004809 2023] [php:error] [pid 31479] [client 127.0.0.1:61251] PHP Fatal error:  Uncaught PDOException: SQLSTATE[42000]: Syntax error or access violation: 1064 You have an error in your SQL syntax; check the manual that corresponds to your MariaDB server version for the right syntax to use near 'where  id='1'' at line 1 in /Users/ramiro/www/web/srcphp/Models/Models.php:98\nStack trace:\n#0 /Users/ramiro/www/web/srcphp/Models/Models.php(98): PDOStatement->execute()\n#1 /Users/ramiro/www/web/public/index.php(16): proyecto\\Models\\Models::find('1')\n#2 [internal function]: proyecto\\{closure}()\n#3 /Users/ramiro/www/web/srcphp/Router.php(91): call_user_func_array(Object(Closure), Array)\n#4 /Users/ramiro/www/web/srcphp/Router.php(9): proyecto\\Router::route('/usuario/guarda...', Object(Closure))\n#5 /Users/ramiro/www/web/public/index.php(21): proyecto\\Router::get('/usuario/guarda...', Object(Closure))\n#6 {main}\n  thrown in /Users/ramiro/www/web/srcphp/Models/Models.php on line 98
[Wed Jul 12 20:47:16.332872 2023] [php:error] [pid 31479] [client 127.0.0.1:61251] PHP Fatal error:  Uncaught PDOException: SQLSTATE[42000]: Syntax error or access violation: 1064 You have an error in your SQL syntax; check the manual that corresponds to your MariaDB server version for the right syntax to use near 'where  id='1'' at line 1 in /Users/ramiro/www/web/srcphp/Models/Models.php:98\nStack trace:\n#0 /Users/ramiro/www/web/srcphp/Models/Models.php(98): PDOStatement->execute()\n#1 /Users/ramiro/www/web/public/index.php(16): proyecto\\Models\\Models::find('1')\n#2 [internal function]: proyecto\\{closure}()\n#3 /Users/ramiro/www/web/srcphp/Router.php(91): call_user_func_array(Object(Closure), Array)\n#4 /Users/ramiro/www/web/srcphp/Router.php(9): proyecto\\Router::route('/usuario/guarda...', Object(Closure))\n#5 /Users/ramiro/www/web/public/index.php(21): proyecto\\Router::get('/usuario/guarda...', Object(Closure))\n#6 {main}\n  thrown in /Users/ramiro/www/web/srcphp/Models/Models.php on line 98
[Wed Jul 12 20:47:17.017675 2023] [php:error] [pid 31479] [client 127.0.0.1:61251] PHP Fatal error:  Uncaught PDOException: SQLSTATE[42000]: Syntax error or access violation: 1064 You have an error in your SQL syntax; check the manual that corresponds to your MariaDB server version for the right syntax to use near 'where  id='1'' at line 1 in /Users/ramiro/www/web/srcphp/Models/Models.php:98\nStack trace:\n#0 /Users/ramiro/www/web/srcphp/Models/Models.php(98): PDOStatement->execute()\n#1 /Users/ramiro/www/web/public/index.php(16): proyecto\\Models\\Models::find('1')\n#2 [internal function]: proyecto\\{closure}()\n#3 /Users/ramiro/www/web/srcphp/Router.php(91): call_user_func_array(Object(Closure), Array)\n#4 /Users/ramiro/www/web/srcphp/Router.php(9): proyecto\\Router::route('/usuario/guarda...', Object(Closure))\n#5 /Users/ramiro/www/web/public/index.php(21): proyecto\\Router::get('/usuario/guarda...', Object(Closure))\n#6 {main}\n  thrown in /Users/ramiro/www/web/srcphp/Models/Models.php on line 98
[Wed Jul 12 20:51:26.735419 2023] [php:error] [pid 31482] [client 127.0.0.1:52142] PHP Fatal error:  Uncaught Error: Class name must be a valid object or a string in /Users/ramiro/www/web/srcphp/Models/Models.php:92\nStack trace:\n#0 /Users/ramiro/www/web/public/index.php(16): proyecto\\Models\\Models::find(1)\n#1 [internal function]: proyecto\\{closure}()\n#2 /Users/ramiro/www/web/srcphp/Router.php(91): call_user_func_array(Object(Closure), Array)\n#3 /Users/ramiro/www/web/srcphp/Router.php(9): proyecto\\Router::route('/usuario/guarda...', Object(Closure))\n#4 /Users/ramiro/www/web/public/index.php(21): proyecto\\Router::get('/usuario/guarda...', Object(Closure))\n#5 {main}\n  thrown in /Users/ramiro/www/web/srcphp/Models/Models.php on line 92
[Wed Jul 12 20:51:57.078501 2023] [php:error] [pid 31479] [client 127.0.0.1:52532] PHP Fatal error:  Uncaught ArgumentCountError: gettype() expects exactly 1 argument, 0 given in /Users/ramiro/www/web/srcphp/Models/Models.php:91\nStack trace:\n#0 /Users/ramiro/www/web/srcphp/Models/Models.php(91): gettype()\n#1 /Users/ramiro/www/web/public/index.php(16): proyecto\\Models\\Models::find(1)\n#2 [internal function]: proyecto\\{closure}()\n#3 /Users/ramiro/www/web/srcphp/Router.php(91): call_user_func_array(Object(Closure), Array)\n#4 /Users/ramiro/www/web/srcphp/Router.php(9): proyecto\\Router::route('/usuario/guarda...', Object(Closure))\n#5 /Users/ramiro/www/web/public/index.php(21): proyecto\\Router::get('/usuario/guarda...', Object(Closure))\n#6 {main}\n  thrown in /Users/ramiro/www/web/srcphp/Models/Models.php on line 91
[Wed Jul 12 20:53:37.644258 2023] [php:error] [pid 31483] [client 127.0.0.1:53194] PHP Fatal error:  Uncaught Error: Call to undefined method proyecto\\Models\\Models::getClass() in /Users/ramiro/www/web/srcphp/Models/Models.php:91\nStack trace:\n#0 /Users/ramiro/www/web/public/index.php(16): proyecto\\Models\\Models::find(1)\n#1 [internal function]: proyecto\\{closure}()\n#2 /Users/ramiro/www/web/srcphp/Router.php(91): call_user_func_array(Object(Closure), Array)\n#3 /Users/ramiro/www/web/srcphp/Router.php(9): proyecto\\Router::route('/usuario/guarda...', Object(Closure))\n#4 /Users/ramiro/www/web/public/index.php(21): proyecto\\Router::get('/usuario/guarda...', Object(Closure))\n#5 {main}\n  thrown in /Users/ramiro/www/web/srcphp/Models/Models.php on line 91
[Wed Jul 12 20:54:59.455916 2023] [php:error] [pid 31481] [client 127.0.0.1:54252] PHP Fatal error:  Uncaught Error: Access to undeclared static property proyecto\\Models\\User::$__CLASS__ in /Users/ramiro/www/web/srcphp/Models/Models.php:109\nStack trace:\n#0 /Users/ramiro/www/web/srcphp/Models/Models.php(91): proyecto\\Models\\Models::getClass()\n#1 /Users/ramiro/www/web/public/index.php(16): proyecto\\Models\\Models::find(1)\n#2 [internal function]: proyecto\\{closure}()\n#3 /Users/ramiro/www/web/srcphp/Router.php(91): call_user_func_array(Object(Closure), Array)\n#4 /Users/ramiro/www/web/srcphp/Router.php(9): proyecto\\Router::route('/usuario/guarda...', Object(Closure))\n#5 /Users/ramiro/www/web/public/index.php(21): proyecto\\Router::get('/usuario/guarda...', Object(Closure))\n#6 {main}\n  thrown in /Users/ramiro/www/web/srcphp/Models/Models.php on line 109
[Wed Jul 12 20:55:26.081276 2023] [php:error] [pid 31485] [client 127.0.0.1:54632] PHP Fatal error:  Uncaught Error: Access to undeclared static property proyecto\\Models\\User::$__CLASS__ in /Users/ramiro/www/web/srcphp/Models/Models.php:109\nStack trace:\n#0 /Users/ramiro/www/web/srcphp/Models/Models.php(91): proyecto\\Models\\Models::getClass()\n#1 /Users/ramiro/www/web/public/index.php(16): proyecto\\Models\\Models::find(1)\n#2 [internal function]: proyecto\\{closure}()\n#3 /Users/ramiro/www/web/srcphp/Router.php(91): call_user_func_array(Object(Closure), Array)\n#4 /Users/ramiro/www/web/srcphp/Router.php(9): proyecto\\Router::route('/usuario/guarda...', Object(Closure))\n#5 /Users/ramiro/www/web/public/index.php(21): proyecto\\Router::get('/usuario/guarda...', Object(Closure))\n#6 {main}\n  thrown in /Users/ramiro/www/web/srcphp/Models/Models.php on line 109
[Wed Jul 12 20:55:28.269247 2023] [php:error] [pid 31485] [client 127.0.0.1:54632] PHP Fatal error:  Uncaught Error: Access to undeclared static property proyecto\\Models\\User::$__CLASS__ in /Users/ramiro/www/web/srcphp/Models/Models.php:109\nStack trace:\n#0 /Users/ramiro/www/web/srcphp/Models/Models.php(91): proyecto\\Models\\Models::getClass()\n#1 /Users/ramiro/www/web/public/index.php(16): proyecto\\Models\\Models::find(1)\n#2 [internal function]: proyecto\\{closure}()\n#3 /Users/ramiro/www/web/srcphp/Router.php(91): call_user_func_array(Object(Closure), Array)\n#4 /Users/ramiro/www/web/srcphp/Router.php(9): proyecto\\Router::route('/usuario/guarda...', Object(Closure))\n#5 /Users/ramiro/www/web/public/index.php(21): proyecto\\Router::get('/usuario/guarda...', Object(Closure))\n#6 {main}\n  thrown in /Users/ramiro/www/web/srcphp/Models/Models.php on line 109
[Wed Jul 12 20:55:28.840591 2023] [php:error] [pid 31485] [client 127.0.0.1:54632] PHP Fatal error:  Uncaught Error: Access to undeclared static property proyecto\\Models\\User::$__CLASS__ in /Users/ramiro/www/web/srcphp/Models/Models.php:109\nStack trace:\n#0 /Users/ramiro/www/web/srcphp/Models/Models.php(91): proyecto\\Models\\Models::getClass()\n#1 /Users/ramiro/www/web/public/index.php(16): proyecto\\Models\\Models::find(1)\n#2 [internal function]: proyecto\\{closure}()\n#3 /Users/ramiro/www/web/srcphp/Router.php(91): call_user_func_array(Object(Closure), Array)\n#4 /Users/ramiro/www/web/srcphp/Router.php(9): proyecto\\Router::route('/usuario/guarda...', Object(Closure))\n#5 /Users/ramiro/www/web/public/index.php(21): proyecto\\Router::get('/usuario/guarda...', Object(Closure))\n#6 {main}\n  thrown in /Users/ramiro/www/web/srcphp/Models/Models.php on line 109
[Wed Jul 12 20:55:29.198724 2023] [php:error] [pid 31485] [client 127.0.0.1:54632] PHP Fatal error:  Uncaught Error: Access to undeclared static property proyecto\\Models\\User::$__CLASS__ in /Users/ramiro/www/web/srcphp/Models/Models.php:109\nStack trace:\n#0 /Users/ramiro/www/web/srcphp/Models/Models.php(91): proyecto\\Models\\Models::getClass()\n#1 /Users/ramiro/www/web/public/index.php(16): proyecto\\Models\\Models::find(1)\n#2 [internal function]: proyecto\\{closure}()\n#3 /Users/ramiro/www/web/srcphp/Router.php(91): call_user_func_array(Object(Closure), Array)\n#4 /Users/ramiro/www/web/srcphp/Router.php(9): proyecto\\Router::route('/usuario/guarda...', Object(Closure))\n#5 /Users/ramiro/www/web/public/index.php(21): proyecto\\Router::get('/usuario/guarda...', Object(Closure))\n#6 {main}\n  thrown in /Users/ramiro/www/web/srcphp/Models/Models.php on line 109
[Wed Jul 12 21:05:34.219846 2023] [php:error] [pid 31480] [client 127.0.0.1:56763] PHP Parse error:  syntax error, unexpected token ";" in /Users/ramiro/www/web/srcphp/Models/Models.php on line 109
[Wed Jul 12 21:05:52.557062 2023] [php:error] [pid 31483] [client 127.0.0.1:56766] PHP Fatal error:  Uncaught PDOException: SQLSTATE[42000]: Syntax error or access violation: 1064 You have an error in your SQL syntax; check the manual that corresponds to your MariaDB server version for the right syntax to use near 'where  id='1'' at line 1 in /Users/ramiro/www/web/srcphp/Models/Models.php:98\nStack trace:\n#0 /Users/ramiro/www/web/srcphp/Models/Models.php(98): PDOStatement->execute()\n#1 /Users/ramiro/www/web/public/index.php(16): proyecto\\Models\\Models::find('1')\n#2 [internal function]: proyecto\\{closure}()\n#3 /Users/ramiro/www/web/srcphp/Router.php(91): call_user_func_array(Object(Closure), Array)\n#4 /Users/ramiro/www/web/srcphp/Router.php(9): proyecto\\Router::route('/usuario/guarda...', Object(Closure))\n#5 /Users/ramiro/www/web/public/index.php(21): proyecto\\Router::get('/usuario/guarda...', Object(Closure))\n#6 {main}\n  thrown in /Users/ramiro/www/web/srcphp/Models/Models.php on line 98
[Wed Jul 12 22:09:35.049945 2023] [php:error] [pid 31480] [client 127.0.0.1:57686] PHP Fatal error:  Class "User" not found in /Users/ramiro/www/web/srcphp/Models/Models.php on line 97
[Wed Jul 12 22:18:25.078393 2023] [php:error] [pid 31485] [client 127.0.0.1:57749] PHP Fatal error:  Uncaught Error: Class "proyecto\\Failure" not found in /Users/ramiro/www/web/public/index.php:19\nStack trace:\n#0 [internal function]: proyecto\\{closure}('1')\n#1 /Users/ramiro/www/web/srcphp/Router.php(91): call_user_func_array(Object(Closure), Array)\n#2 /Users/ramiro/www/web/srcphp/Router.php(9): proyecto\\Router::route('/usuario/buscar...', Object(Closure))\n#3 /Users/ramiro/www/web/public/index.php(26): proyecto\\Router::get('/usuario/buscar...', Object(Closure))\n#4 {main}\n  thrown in /Users/ramiro/www/web/public/index.php on line 19
[Mon Jul 17 08:02:38.031031 2023] [php:warn] [pid 395] [client 127.0.0.1:49807] PHP Warning:  Undefined property: stdClass::$user in /Users/ramiro/www/web/srcphp/Controller/UserController.php on line 21, referer: http://localhost:5173/
[Mon Jul 17 08:02:40.141995 2023] [php:warn] [pid 395] [client 127.0.0.1:49807] PHP Warning:  Undefined property: stdClass::$user in /Users/ramiro/www/web/srcphp/Controller/UserController.php on line 21, referer: http://localhost:5173/
[Mon Jul 17 08:02:41.474383 2023] [php:warn] [pid 395] [client 127.0.0.1:49807] PHP Warning:  Undefined property: stdClass::$user in /Users/ramiro/www/web/srcphp/Controller/UserController.php on line 21, referer: http://localhost:5173/
[Mon Jul 17 08:02:42.237863 2023] [php:warn] [pid 395] [client 127.0.0.1:49807] PHP Warning:  Undefined property: stdClass::$user in /Users/ramiro/www/web/srcphp/Controller/UserController.php on line 21, referer: http://localhost:5173/
[Mon Jul 17 08:02:43.139774 2023] [php:warn] [pid 395] [client 127.0.0.1:49807] PHP Warning:  Undefined property: stdClass::$user in /Users/ramiro/www/web/srcphp/Controller/UserController.php on line 21, referer: http://localhost:5173/
[Mon Jul 17 12:50:27.846301 2023] [php:warn] [pid 395] [client 127.0.0.1:58985] PHP Warning:  Undefined property: stdClass::$user in /Users/ramiro/www/web/srcphp/Controller/UserController.php on line 21, referer: http://localhost:5173/
[Mon Jul 17 12:52:18.939526 2023] [php:warn] [pid 391] [client 127.0.0.1:59428] PHP Warning:  Undefined property: stdClass::$user in /Users/ramiro/www/web/srcphp/Controller/UserController.php on line 21, referer: http://localhost:5173/
[Mon Jul 17 12:59:22.002935 2023] [php:warn] [pid 393] [client 127.0.0.1:61124] PHP Warning:  Undefined property: stdClass::$user in /Users/ramiro/www/web/srcphp/Controller/UserController.php on line 21, referer: http://localhost:5173/
[Mon Jul 17 20:53:55.517945 2023] [php:warn] [pid 392] [client 127.0.0.1:52435] PHP Warning:  Undefined property: stdClass::$user in /Users/ramiro/www/web/srcphp/Controller/UserController.php on line 21, referer: http://localhost:5173/
[Mon Jul 17 20:54:07.320960 2023] [php:warn] [pid 394] [client 127.0.0.1:52438] PHP Warning:  Undefined property: stdClass::$user in /Users/ramiro/www/web/srcphp/Controller/UserController.php on line 21, referer: http://localhost:5173/
[Mon Jul 17 20:54:09.730540 2023] [php:warn] [pid 394] [client 127.0.0.1:52438] PHP Warning:  Undefined property: stdClass::$user in /Users/ramiro/www/web/srcphp/Controller/UserController.php on line 21, referer: http://localhost:5173/
[Mon Jul 17 20:54:10.397178 2023] [php:warn] [pid 394] [client 127.0.0.1:52438] PHP Warning:  Undefined property: stdClass::$user in /Users/ramiro/www/web/srcphp/Controller/UserController.php on line 21, referer: http://localhost:5173/
[Mon Jul 17 20:54:10.583631 2023] [php:warn] [pid 394] [client 127.0.0.1:52438] PHP Warning:  Undefined property: stdClass::$user in /Users/ramiro/www/web/srcphp/Controller/UserController.php on line 21, referer: http://localhost:5173/
[Mon Jul 17 20:54:14.861003 2023] [php:warn] [pid 394] [client 127.0.0.1:52438] PHP Warning:  Undefined property: stdClass::$user in /Users/ramiro/www/web/srcphp/Controller/UserController.php on line 21, referer: http://localhost:5173/
[Mon Jul 17 20:54:28.027629 2023] [php:warn] [pid 2143] [client 127.0.0.1:52501] PHP Warning:  Undefined property: stdClass::$user in /Users/ramiro/www/web/srcphp/Controller/UserController.php on line 21, referer: http://localhost:5173/
[Fri Jul 21 10:58:07.304472 2023] [:error] [pid 12729] [client 127.0.0.1:56476] PHP Fatal error:  Composer detected issues in your platform: Your Composer dependencies require a PHP version ">= 8.0.2". You are running 5.6.40. in /Users/ramiro/www/web/vendor/composer/platform_check.php on line 25
[Fri Jul 21 10:58:07.304868 2023] [:error] [pid 12729] [client 127.0.0.1:56476] PHP Stack trace:
[Fri Jul 21 10:58:07.304895 2023] [:error] [pid 12729] [client 127.0.0.1:56476] PHP   1. {main}() /Users/ramiro/www/web/public/index.php:0
[Fri Jul 21 10:58:07.304912 2023] [:error] [pid 12729] [client 127.0.0.1:56476] PHP   2. require() /Users/ramiro/www/web/public/index.php:4
[Fri Jul 21 10:58:07.304925 2023] [:error] [pid 12729] [client 127.0.0.1:56476] PHP   3. ComposerAutoloaderInitfb9c27f0811c6f21e183fe25a1c15d8b::getLoader() /Users/ramiro/www/web/vendor/autoload.php:7
[Fri Jul 21 10:58:07.304935 2023] [:error] [pid 12729] [client 127.0.0.1:56476] PHP   4. require() /Users/ramiro/www/web/vendor/composer/autoload_real.php:25
[Fri Jul 21 10:58:07.304945 2023] [:error] [pid 12729] [client 127.0.0.1:56476] PHP   5. trigger_error() /Users/ramiro/www/web/vendor/composer/platform_check.php:25
[Fri Jul 21 10:58:07.628180 2023] [:error] [pid 665] [client 127.0.0.1:56481] PHP Fatal error:  Composer detected issues in your platform: Your Composer dependencies require a PHP version ">= 8.0.2". You are running 5.6.40. in /Users/ramiro/www/web/vendor/composer/platform_check.php on line 25, referer: http://web.local/auth
[Fri Jul 21 10:58:07.635220 2023] [:error] [pid 665] [client 127.0.0.1:56481] PHP Stack trace:, referer: http://web.local/auth
[Fri Jul 21 10:58:07.635236 2023] [:error] [pid 665] [client 127.0.0.1:56481] PHP   1. {main}() /Users/ramiro/www/web/public/index.php:0, referer: http://web.local/auth
[Fri Jul 21 10:58:07.635247 2023] [:error] [pid 665] [client 127.0.0.1:56481] PHP   2. require() /Users/ramiro/www/web/public/index.php:4, referer: http://web.local/auth
[Fri Jul 21 10:58:07.635287 2023] [:error] [pid 665] [client 127.0.0.1:56481] PHP   3. ComposerAutoloaderInitfb9c27f0811c6f21e183fe25a1c15d8b::getLoader() /Users/ramiro/www/web/vendor/autoload.php:7, referer: http://web.local/auth
[Fri Jul 21 10:58:07.635296 2023] [:error] [pid 665] [client 127.0.0.1:56481] PHP   4. require() /Users/ramiro/www/web/vendor/composer/autoload_real.php:25, referer: http://web.local/auth
[Fri Jul 21 10:58:07.635302 2023] [:error] [pid 665] [client 127.0.0.1:56481] PHP   5. trigger_error() /Users/ramiro/www/web/vendor/composer/platform_check.php:25, referer: http://web.local/auth
[Fri Jul 21 11:32:39.240688 2023] [php:error] [pid 30607] [client 127.0.0.1:65002] PHP Fatal error:  Uncaught ArgumentCountError: Too few arguments to function Carbon\\Carbon::timestamp(), 0 passed in /Users/ramiro/www/web/public/index.php on line 22 and exactly 1 expected in /Users/ramiro/www/web/vendor/nesbot/carbon/src/Carbon/Traits/Timestamp.php:103\nStack trace:\n#0 /Users/ramiro/www/web/public/index.php(22): Carbon\\Carbon->timestamp()\n#1 [internal function]: proyecto\\{closure}()\n#2 /Users/ramiro/www/web/srcphp/Router.php(103): call_user_func_array(Object(Closure), Array)\n#3 /Users/ramiro/www/web/srcphp/Router.php(9): proyecto\\Router::route('/auth', Object(Closure))\n#4 /Users/ramiro/www/web/public/index.php(24): proyecto\\Router::get('/auth', Object(Closure))\n#5 {main}\n  thrown in /Users/ramiro/www/web/vendor/nesbot/carbon/src/Carbon/Traits/Timestamp.php on line 103
[Fri Jul 21 11:41:02.820012 2023] [php:error] [pid 30607] [client 127.0.0.1:50810] PHP Fatal error:  Uncaught Error: Non-static method Carbon\\Carbon::getTimezone() cannot be called statically in /Users/ramiro/www/web/public/index.php:23\nStack trace:\n#0 [internal function]: proyecto\\{closure}()\n#1 /Users/ramiro/www/web/srcphp/Router.php(103): call_user_func_array(Object(Closure), Array)\n#2 /Users/ramiro/www/web/srcphp/Router.php(9): proyecto\\Router::route('/auth', Object(Closure))\n#3 /Users/ramiro/www/web/public/index.php(25): proyecto\\Router::get('/auth', Object(Closure))\n#4 {main}\n  thrown in /Users/ramiro/www/web/public/index.php on line 23
[Fri Jul 21 13:18:14.952276 2023] [php:error] [pid 31426] [client 127.0.0.1:63094] PHP Fatal error:  Uncaught Carbon\\Exceptions\\UnknownMethodException: Method Carbon\\Carbon::set_timezone does not exist. in /Users/ramiro/www/web/vendor/nesbot/carbon/src/Carbon/Traits/Date.php:2455\nStack trace:\n#0 /Users/ramiro/www/web/public/index.php(23): Carbon\\Carbon::__callStatic('set_timezone', Array)\n#1 [internal function]: proyecto\\{closure}()\n#2 /Users/ramiro/www/web/srcphp/Router.php(103): call_user_func_array(Object(Closure), Array)\n#3 /Users/ramiro/www/web/srcphp/Router.php(9): proyecto\\Router::route('/auth', Object(Closure))\n#4 /Users/ramiro/www/web/public/index.php(26): proyecto\\Router::get('/auth', Object(Closure))\n#5 {main}\n  thrown in /Users/ramiro/www/web/vendor/nesbot/carbon/src/Carbon/Traits/Date.php on line 2455
[Fri Jul 21 13:20:37.565515 2023] [php:error] [pid 31431] [client 127.0.0.1:63672] PHP Fatal error:  Uncaught Error: Non-static method Carbon\\Carbon::setTimezone() cannot be called statically in /Users/ramiro/www/web/public/index.php:23\nStack trace:\n#0 [internal function]: proyecto\\{closure}()\n#1 /Users/ramiro/www/web/srcphp/Router.php(103): call_user_func_array(Object(Closure), Array)\n#2 /Users/ramiro/www/web/srcphp/Router.php(9): proyecto\\Router::route('/auth', Object(Closure))\n#3 /Users/ramiro/www/web/public/index.php(26): proyecto\\Router::get('/auth', Object(Closure))\n#4 {main}\n  thrown in /Users/ramiro/www/web/public/index.php on line 23
[Fri Jul 21 13:59:33.301401 2023] [php:error] [pid 32467] [client 127.0.0.1:56886] PHP Fatal error:  Uncaught Error: Class "proyecto\\JWT" not found in /Users/ramiro/www/web/public/index.php:25\nStack trace:\n#0 [internal function]: proyecto\\{closure}()\n#1 /Users/ramiro/www/web/srcphp/Router.php(103): call_user_func_array(Object(Closure), Array)\n#2 /Users/ramiro/www/web/srcphp/Router.php(9): proyecto\\Router::route('/auth', Object(Closure))\n#3 /Users/ramiro/www/web/public/index.php(30): proyecto\\Router::get('/auth', Object(Closure))\n#4 {main}\n  thrown in /Users/ramiro/www/web/public/index.php on line 25
[Tue Jul 25 13:37:27.822482 2023] [:error] [pid 58379] [client 127.0.0.1:51079] PHP Deprecated:  Automatically populating $HTTP_RAW_POST_DATA is deprecated and will be removed in a future version. To avoid this warning set 'always_populate_raw_post_data' to '-1' in php.ini and use the php://input stream instead. in Unknown on line 0, referer: http://localhost:5173/
[Tue Jul 25 13:37:27.826184 2023] [:error] [pid 58379] [client 127.0.0.1:51079] PHP Warning:  Cannot modify header information - headers already sent in Unknown on line 0, referer: http://localhost:5173/
[Tue Jul 25 13:37:27.827598 2023] [:error] [pid 58393] [client 127.0.0.1:51080] PHP Deprecated:  Automatically populating $HTTP_RAW_POST_DATA is deprecated and will be removed in a future version. To avoid this warning set 'always_populate_raw_post_data' to '-1' in php.ini and use the php://input stream instead. in Unknown on line 0, referer: http://localhost:5173/
[Tue Jul 25 13:37:27.852032 2023] [:error] [pid 58379] [client 127.0.0.1:51079] PHP Fatal error:  Composer detected issues in your platform: Your Composer dependencies require a PHP version ">= 8.0.2". You are running 5.6.40. in /Users/ramiro/www/web/vendor/composer/platform_check.php on line 25, referer: http://localhost:5173/
[Tue Jul 25 13:37:27.852358 2023] [:error] [pid 58379] [client 127.0.0.1:51079] PHP Stack trace:, referer: http://localhost:5173/
[Tue Jul 25 13:37:27.852393 2023] [:error] [pid 58379] [client 127.0.0.1:51079] PHP   1. {main}() /Users/ramiro/www/web/public/index.php:0, referer: http://localhost:5173/
[Tue Jul 25 13:37:27.852417 2023] [:error] [pid 58379] [client 127.0.0.1:51079] PHP   2. require() /Users/ramiro/www/web/public/index.php:4, referer: http://localhost:5173/
[Tue Jul 25 13:37:27.852440 2023] [:error] [pid 58379] [client 127.0.0.1:51079] PHP   3. ComposerAutoloaderInitfb9c27f0811c6f21e183fe25a1c15d8b::getLoader() /Users/ramiro/www/web/vendor/autoload.php:7, referer: http://localhost:5173/
[Tue Jul 25 13:37:27.852465 2023] [:error] [pid 58379] [client 127.0.0.1:51079] PHP   4. require() /Users/ramiro/www/web/vendor/composer/autoload_real.php:25, referer: http://localhost:5173/
[Tue Jul 25 13:37:27.852489 2023] [:error] [pid 58379] [client 127.0.0.1:51079] PHP   5. trigger_error() /Users/ramiro/www/web/vendor/composer/platform_check.php:25, referer: http://localhost:5173/
[Tue Jul 25 13:37:27.853103 2023] [:error] [pid 58393] [client 127.0.0.1:51080] PHP Fatal error:  Composer detected issues in your platform: Your Composer dependencies require a PHP version ">= 8.0.2". You are running 5.6.40. in /Users/ramiro/www/web/vendor/composer/platform_check.php on line 25, referer: http://localhost:5173/
[Tue Jul 25 13:37:27.853804 2023] [:error] [pid 58393] [client 127.0.0.1:51080] PHP Stack trace:, referer: http://localhost:5173/
[Tue Jul 25 13:37:27.854063 2023] [:error] [pid 58393] [client 127.0.0.1:51080] PHP   1. {main}() /Users/ramiro/www/web/public/index.php:0, referer: http://localhost:5173/
[Tue Jul 25 13:37:27.854097 2023] [:error] [pid 58393] [client 127.0.0.1:51080] PHP   2. require() /Users/ramiro/www/web/public/index.php:4, referer: http://localhost:5173/
[Tue Jul 25 13:37:27.854117 2023] [:error] [pid 58393] [client 127.0.0.1:51080] PHP   3. ComposerAutoloaderInitfb9c27f0811c6f21e183fe25a1c15d8b::getLoader() /Users/ramiro/www/web/vendor/autoload.php:7, referer: http://localhost:5173/
[Tue Jul 25 13:37:27.854135 2023] [:error] [pid 58393] [client 127.0.0.1:51080] PHP   4. require() /Users/ramiro/www/web/vendor/composer/autoload_real.php:25, referer: http://localhost:5173/
[Tue Jul 25 13:37:27.854152 2023] [:error] [pid 58393] [client 127.0.0.1:51080] PHP   5. trigger_error() /Users/ramiro/www/web/vendor/composer/platform_check.php:25, referer: http://localhost:5173/
[Tue Jul 25 13:58:19.218674 2023] [php:warn] [pid 69565] [client 127.0.0.1:54305] PHP Warning:  Undefined property: stdClass::$user in /Users/ramiro/www/web/srcphp/Controller/UserController.php on line 41, referer: http://localhost:5173/
[Tue Jul 25 14:17:33.167735 2023] [php:warn] [pid 69564] [client 127.0.0.1:54911] PHP Warning:  Undefined property: stdClass::$user in /Users/ramiro/www/web/srcphp/Controller/UserController.php on line 41, referer: http://localhost:5173/
[Tue Jul 25 14:17:36.040182 2023] [php:warn] [pid 69564] [client 127.0.0.1:54911] PHP Warning:  Undefined property: stdClass::$user in /Users/ramiro/www/web/srcphp/Controller/UserController.php on line 41, referer: http://localhost:5173/
[Tue Jul 25 14:17:49.243207 2023] [php:warn] [pid 69566] [client 127.0.0.1:54954] PHP Warning:  Undefined property: stdClass::$user in /Users/ramiro/www/web/srcphp/Controller/UserController.php on line 41, referer: http://localhost:5173/
